
> partstack@1.0.0 build
> nest build

src/stripe-payments/stripe-payments.service.ts:29:17 - error TS2322: Type '{ saleId: string; paymentIntentId: string; clientSecret: string; amount: number; currency: string; status: string; }' is not assignable to type 'Exact<(Without<StripePaymentCreateInput, StripePaymentUncheckedCreateInput> & StripePaymentUncheckedCreateInput) | (Without<...> & StripePaymentCreateInput), (Without<...> & StripePaymentUncheckedCreateInput) | (Without<...> & StripePaymentCreateInput)>'.
  Type '{ saleId: string; paymentIntentId: string; clientSecret: string; amount: number; currency: string; status: string; }' is missing the following properties from type '{ tenantId?: never; saleId?: never; sessionId?: never; paymentId?: never; id?: string; paymentIntentId: string; clientSecret: string; amount: Exact<string | number | Decimal | DecimalJsLike, string | ... 2 more ... | DecimalJsLike>; ... 7 more ...; session?: { ...; }; }': tenant, sale

29                 data: {
                   ~~~~

Found 3 error(s).
  node_modules/.prisma/client/index.d.ts:25158:5

    25158     data: XOR<StripePaymentCreateInput, StripePaymentUncheckedCreateInput>
              ~~~~
    The expected type comes from property 'data' which is declared here on type '{ select?: { tenant?: Exact<boolean | TenantDefaultArgs<InternalArgs & { result: {}; model: {}; query: {}; client: {}; }>, boolean | TenantDefaultArgs<InternalArgs & { ...; }>>; ... 14 more ...; session?: Exact<...>; }; omit?: { ...; }; include?: { ...; }; data: Exact<...>; }'
src/stripe-payments/stripe-payments.service.ts:70:21 - error TS2322: Type '{ saleId: string; sessionId: string; amount: Decimal; method: "STRIPE"; reference: string; }' is not assignable to type 'Exact<(Without<PaymentCreateInput, PaymentUncheckedCreateInput> & PaymentUncheckedCreateInput) | (Without<...> & PaymentCreateInput), (Without<...> & PaymentUncheckedCreateInput) | (Without<...> & PaymentCreateInput)>'.
  Type '{ saleId: string; sessionId: string; amount: Decimal; method: "STRIPE"; reference: string; }' is missing the following properties from type '{ tenantId?: never; saleId?: never; sessionId?: never; id?: string; amount: Exact<string | number | Decimal | DecimalJsLike, string | number | Decimal | DecimalJsLike>; ... 8 more ...; stripe?: { ...; }; }': tenant, sale

70                     data: {
                       ~~~~

  node_modules/.prisma/client/index.d.ts:19128:5
    19128     data: XOR<PaymentCreateInput, PaymentUncheckedCreateInput>
              ~~~~
    The expected type comes from property 'data' which is declared here on type '{ select?: { tenant?: Exact<boolean | TenantDefaultArgs<InternalArgs & { result: {}; model: {}; query: {}; client: {}; }>, boolean | TenantDefaultArgs<InternalArgs & { ...; }>>; ... 12 more ...; stripe?: Exact<...>; }; omit?: { ...; }; include?: { ...; }; data: Exact<...>; }'
src/stripe-payments/stripe-payments.service.ts:86:21 - error TS2322: Type '{ paymentId: string; receiptNumber: string; amount: Decimal; }' is not assignable to type 'Exact<(Without<ReceiptCreateInput, ReceiptUncheckedCreateInput> & ReceiptUncheckedCreateInput) | (Without<...> & ReceiptCreateInput), (Without<...> & ReceiptUncheckedCreateInput) | (Without<...> & ReceiptCreateInput)>'.
  Type '{ paymentId: string; receiptNumber: string; amount: Decimal; }' is missing the following properties from type '{ tenantId?: never; paymentId?: never; id?: string; receiptNumber: string; amount: Exact<string | number | Decimal | DecimalJsLike, string | number | Decimal | DecimalJsLike>; createdAt?: Exact<...>; tenant: { ...; }; payment: { ...; }; }': tenant, payment

86                     data: { paymentId: payment.id, receiptNumber, amount: stripePayment.amount },
                       ~~~~

  node_modules/.prisma/client/index.d.ts:22685:5
    22685     data: XOR<ReceiptCreateInput, ReceiptUncheckedCreateInput>
              ~~~~
    The expected type comes from property 'data' which is declared here on type '{ select?: { tenant?: Exact<boolean | TenantDefaultArgs<InternalArgs & { result: {}; model: {}; query: {}; client: {}; }>, boolean | TenantDefaultArgs<InternalArgs & { ...; }>>; ... 6 more ...; receiptNumber?: Exact<...>; }; omit?: { ...; }; include?: { ...; }; data: Exact<...>; }'

