
> partstack@1.0.0 test
> jest src/stripe-payments/stripe-payments.service.spec.ts

PASS src/stripe-payments/stripe-payments.service.spec.ts (5.844 s)
  StripePaymentsService
    ÔêÜ should be defined (10 ms)
    createIntent
      ÔêÜ should create intent and record (2 ms)
    confirm
      ÔêÜ should confirm and reconcile (3 ms)

Test Suites: 1 passed, 1 total
Tests:       3 passed, 3 total
Snapshots:   0 total
Time:        6.25 s, estimated 7 s
Ran all test suites matching /src\\stripe-payments\\stripe-payments.service.spec.ts/i.
