src/tenant-admin/tenant-admin.controller.ts(3,30): error TS2307: Cannot find module '../auth/guards/jwt-auth.guard' or its corresponding type declarations.
src/tenant-admin/tenant-admin.controller.ts(4,37): error TS2307: Cannot find module '../auth/utils/audit-utils' or its corresponding type declarations.
src/tenant-admin/tenant-admin.service.ts(329,17): error TS2561: Object literal may only specify known properties, but 'fromCurrencyId_toCurrencyId' does not exist in type 'ExchangeRateWhereUniqueInput'. Did you mean to write 'fromCurrency_toCurrency'?
src/tenant-admin/tenant-admin.service.ts(336,17): error TS2353: Object literal may only specify known properties, and 'source' does not exist in type '(Without<ExchangeRateUpdateInput, ExchangeRateUncheckedUpdateInput> & ExchangeRateUncheckedUpdateInput) | (Without<...> & ExchangeRateUpdateInput)'.
src/tenant-admin/tenant-admin.service.ts(340,17): error TS2561: Object literal may only specify known properties, but 'fromCurrencyId' does not exist in type '(Without<ExchangeRateCreateInput, ExchangeRateUncheckedCreateInput> & ExchangeRateUncheckedCreateInput) | (Without<...> & ExchangeRateCreateInput)'. Did you mean to write 'fromCurrency'?
src/tenant-admin/tenant-admin.service.ts(351,24): error TS2353: Object literal may only specify known properties, and 'effectiveAt' does not exist in type 'ExchangeRateOrderByWithRelationInput | ExchangeRateOrderByWithRelationInput[]'.
